---
source: crates/elevator-tui/tests/render_snapshot.rs
expression: frame
---
 elevator-tui · tick 60 · ▶ 1.00× · distance · overview                                             
 legend ▲ up  ▼ down  ■ stopped  L loading  O/C doors  ↑↓ hall call  (n) waiting                    
╭┤ shaft · 1 cars · distance ╮╭┤ dispatch · per-car state and load ├───────────────────────────────╮
│  Top         10.0      │ · ││Default      strategy=Scan  cars=1  waiting=0                       │
│               9.6      │ · ││  car 1    movg →Top       [█░░░░░░░░░]   75/800  q=1               │
│               9.2      │ · ││                                                                    │
│               8.8      │ · ││                                                                    │
│               8.3      │ · │╰────────────────────────────────────────────────────────────────────╯
│               7.9      │ · │╭┤ events · filter [all] ├───────────────────────────────────────────╮
│               7.5      │ · ││                                                                    │
│               7.1      │ · ││                                                                    │
│               6.7      │ · ││                                                                    │
│               6.2      │ · ││                                                                    │
│               5.8      │ · ││                                                                    │
│               5.4      │ · ││                                                                    │
│               5.0      │ · ││                                                                    │
│               4.6      │ · │╰────────────────────────────────────────────────────────────────────╯
│               4.2      │ · │╭┤ traffic · arrivals/sec ├──────────────────────────────────────────╮
│               3.8      │ · ││   0/s now   avg  0.0/s   total 1                                   │
│               3.3      │ · ││                                                                    │
│               2.9      │ · │╰────────────────────────────────────────────────────────────────────╯
│               2.5      │ · │╭┤ metrics · aggregate health ├──────────────────────────────────────╮
│               2.1      │ · ││spawned 1   delivered 0   abandoned 0 (0.0%)                        │
│               1.7      │ · ││wait avg 4.0t   p95 4t   max 4t                                     │
│               1.2      │ · ││ride avg 0.0t   throughput 0/3600t   util 100%                      │
│               0.8      │ · ││p95 wait (ticks)                                                    │
│               0.4      │ * ││                                                                    │
│  Ground       0.0      │ ▲ ││total occupancy                                                     │
╰────────────────────────────╯╰────────────────────────────────────────────────────────────────────╯
 ? help · space pause · [ ] car · Enter drill · q quit
