---
source: crates/elevator-tui/tests/render_snapshot.rs
assertion_line: 94
expression: frame
---
 elevator-tui · tick 60 · ▶ 1.00× · index · drilldown                                               
╭┤ shaft · 1 cars · index ├──╮╭┤ dispatch · per-car state and load ├───────────────────────────────╮
│  Top         10.0      │ · ││Default      strategy=Scan  cars=1  waiting=0                       │
│  Ground      ╭┤ drill-down · EntityId(4v1) · Esc to close ├───────────────────────╮              │
│              │phase     MovingToStop(EntityId(2v1))                               │              │
│              │door      Closed                                                    │              │
│              │load      75.00 / 800.00                                            │──────────────╯
│              │speed     max 2.00 / accel 1.50 / decel 2.00                        │──────────────╮
│              │position  0.34                                                      │              │
│              │                                                                    │              │
│              │queue (1 stops)                                                     │              │
│              │  → EntityId(2v1)                                                   │              │
│              │                                                                    │              │
│              │riders aboard (1)                                                   │              │
│              │  · EntityId(5v1)                                                   │              │
│              │                                                                    │──────────────╯
│              │recent events touching this car                                     │──────────────╮
│              │                                                                    │              │
│              │                                                                    │              │
│              │                                                                    │──────────────╯
│              │                                                                    │──────────────╮
│              │                                                                    │              │
│              │                                                                    │              │
│              │                                                                    │              │
│              │                                                                    │              │
│              │                                                                    │              │
│              ╰────────────────────────────────────────────────────────────────────╯              │
│                            ││                                                                    │
╰────────────────────────────╯╰────────────────────────────────────────────────────────────────────╯
 RUNNING  drill-down  │  Spc pause · [/] car · Esc close · ? help
